---
source: tests/common/mod.rs
expression: content
---
package POL.Maven-project;

public class Entry {
    public static void main(String[] args) {
        System.out.println("Hello World!");
    }
}

