---
source: tests/common/mod.rs
expression: content
---
FROM arm64v8/alpine
ADD cargo_library /
ENTRYPOINT ["/cargo_library"]
