---
source: tests/common/mod.rs
expression: content
---
FROM amd64/alpine
ADD cargo_library /
ENTRYPOINT ["/cargo_library"]
