---
source: tests/common/mod.rs
---
# Create a new executable object to test the library
exe = executable(
  'test-Personal_Project', # Executable name
  'Personal_Project.cpp', # Tests source file
  include_directories: incs, # Directories to be included when building the executable
  dependencies: Personal_Project_dep # Libraries to be linked at the executable
)

# Create a test that run all tests contained in the executable produced above
test(
  'test_name', # Test name
  exe # Executable object
)

