---
source: tests/common/mod.rs
expression: content
---
package GRO.tmp_template.example;

import org.junit.Test;

public class Example {
    @Test
    public void testExample() {
    }
}

