---
source: tests/common/mod.rs
---
#include "meson_template.h"

int main()
{
    return 0;
}

