---
source: tests/common/mod.rs
expression: content
---
# Myprog

[![Actions Status][actions badge]][actions]
[![CodeCov][codecov badge]][codecov]
[![LICENSE][license badge]][license]

Myprog's description

# Acknowledgements

<!-- Links -->
[actions]: https://github.com/<your-account>/Myprog/actions
[codecov]: https://codecov.io/gh/<your-account>/Myprog
[license]: LICENSES/BSD-1-Clause.txt

<!-- Badges -->
[actions badge]: https://github.com/<your-account>/Myprog/workflows/Myprog/badge.svg
[codecov badge]: https://codecov.io/gh/<your-account>/Myprog/branch/master/graph/badge.svg
[license badge]: https://img.shields.io/badge/license-BSD-1-Clause-blue.svg
