---
source: tests/common/mod.rs
expression: DEFAULT_CONF
---

    [default]
    license = "MIT"
    branch = "main"
    name = ""

    [meson]
    kind = "c"

