---
source: tests/common/mod.rs
expression: content
---
# C files contained in the directory
cli_src = files('Personal_Project.cpp')

# Create a new executable
Personal_Project_cli = executable(
    'Personal_Project', # Executable name
    cli_src, # Executable files
    install: true, # Install the executable in some default filesystem positions
    include_directories: incs, # Directories to be included when building the executable
    dependencies: Personal_Project_dep # Libraries to be linked at the executable
)

