---
source: tests/common/mod.rs
---
#include "Personal_Project.h"

int main()
{

}

