---
source: tests/common/mod.rs
---
target
corpus
artifacts
coverage
