---
source: tests/common/mod.rs
expression: content
---
# Maven-project

[![Actions Status][actions badge]][actions]
[![CodeCov][codecov badge]][codecov]
[![LICENSE][license badge]][license]

Maven-project's description

# Acknowledgements

<!-- Links -->
[actions]: https://github.com/<your-account>/Maven-project/actions
[codecov]: https://codecov.io/gh/<your-account>/Maven-project
[license]: LICENSES/BSD-1-Clause.txt

<!-- Badges -->
[actions badge]: https://github.com/<your-account>/Maven-project/workflows/Maven-project/badge.svg
[codecov badge]: https://codecov.io/gh/<your-account>/Maven-project/branch/master/graph/badge.svg
[license badge]: https://img.shields.io/badge/license-BSD-1-Clause-blue.svg
