---
source: tests/common/mod.rs
expression: content
---
# Project

[![Actions Status][actions badge]][actions]
[![CodeCov][codecov badge]][codecov]
[![LICENSE][license badge]][license]

Project's description

# Acknowledgements

<!-- Links -->
[actions]: https://github.com/<your-account>/Project/actions
[codecov]: https://codecov.io/gh/<your-account>/Project
[license]: LICENSES/EUPL-1.2.txt

<!-- Badges -->
[actions badge]: https://github.com/<your-account>/Project/workflows/Project/badge.svg
[codecov badge]: https://codecov.io/gh/<your-account>/Project/branch/master/graph/badge.svg
[license badge]: https://img.shields.io/badge/license-EUPL-1.2-blue.svg
