---
source: tests/common/mod.rs
---
FROM arm64v8/alpine
ADD Project /
ENTRYPOINT ["/Project"]
