---
source: tests/common/mod.rs
---
#ifndef PERSONAL_PROJECT_H
#define PERSONAL_PROJECT_H
#endif // PERSONAL_PROJECT_H


