---
source: tests/common/mod.rs
expression: content
---
package POL.maven_template.example;

import org.junit.Test;

public class Example {
    @Test
    public void testExample() {
    }
}

