---
source: tests/common/mod.rs
---
version: "3.9"
services:
  tests:
    build: .
    command: ./run_tests.sh
    volumes:
      - .:/src

