---
source: tests/common/mod.rs
expression: content
---
target
corpus
artifacts
coverage
