---
source: tests/common/mod.rs
expression: content
---
#ifndef MESON_PROJECT_H
#define MESON_PROJECT_H
#endif // MESON_PROJECT_H


