---
source: tests/common/mod.rs
---
#ifndef MESON_TEMPLATE_H
#define MESON_TEMPLATE_H
#endif // MESON_TEMPLATE_H


