---
source: tests/common/mod.rs
expression: content
---
#ifndef MESON_TEMPLATE_H
#define MESON_TEMPLATE_H
#endif // MESON_TEMPLATE_H


