---
source: tests/common/mod.rs
expression: content
---
#include "Meson_project.h"

