---
source: tests/common/mod.rs
expression: content
---
#include "tmp_template.h"

